=== Campaign rf_v2_0001 (model=random_forest) ===
smoke=True git=False max_trials=30 wall_clock=120m
baseline params advisory: parameter 'learning_rate' not declared in manifest (advisory); parameter 'max_depth' value 6 outside declared bounds (advisory); parameter 'num_leaves' not declared in manifest (advisory); parameter 'min_child_samples' value 20 outside declared bounds (advisory); parameter 'colsample_bytree' value 1.0 outside declared bounds (advisory); parameter 'reg_alpha' not declared in manifest (advisory); parameter 'reg_lambda' not declared in manifest (advisory); parameter 'early_stopping_rounds' not declared in manifest (advisory); parameter 'boosting_type' not declared in manifest (advisory); parameter 'strategy' value 'shared' outside declared bounds (advisory)
running campaign baseline
baseline val_avg_rmse=0.137005
trial 1 KEEP val=0.119324 rel=0.1291
trial 2 DISCARD val=0.127233 rel=-0.0663
trial 3 DISCARD val=0.123180 rel=-0.0323
trial 4 DISCARD val=0.126043 rel=-0.0563
trial 5 DISCARD val=0.124069 rel=-0.0398
trial 6 DISCARD val=0.125575 rel=-0.0524
trial 7 DISCARD val=0.126094 rel=-0.0567
trial 8 DISCARD val=0.127404 rel=-0.0677
trial 9 DISCARD val=0.120192 rel=-0.0073
trial 10 DISCARD val=0.124658 rel=-0.0447
trial 11 DISCARD val=0.126921 rel=-0.0637
trial 12 DISCARD val=0.122283 rel=-0.0248
trial 13 DISCARD val=0.125328 rel=-0.0503
trial 14 DISCARD val=0.119303 rel=0.0002
trial 15 DISCARD val=0.126461 rel=-0.0598
trial 16 DISCARD val=0.122604 rel=-0.0275
trial 17 DISCARD val=0.125339 rel=-0.0504
trial 18 DISCARD val=0.120557 rel=-0.0103
trial 19 DISCARD val=0.125444 rel=-0.0513
trial 20 DISCARD val=0.119133 rel=0.0016
trial 21 DISCARD val=0.121964 rel=-0.0221
trial 22 DISCARD val=0.122466 rel=-0.0263
trial 23 DISCARD val=0.125694 rel=-0.0534
trial 24 DISCARD val=0.125781 rel=-0.0541
trial 25 DISCARD val=0.124716 rel=-0.0452
trial 26 DISCARD val=0.125284 rel=-0.0499
trial 27 DISCARD val=0.127880 rel=-0.0717
trial 28 DISCARD val=0.124852 rel=-0.0463
trial 29 DISCARD val=0.122641 rel=-0.0278
trial 30 DISCARD val=0.120747 rel=-0.0119
evaluating finalist trial_01 on test set
evaluating finalist baseline on test set
evaluating baseline on test set
